C:/Users/Sean/motorcontroller/motorcontroller_fresh/5010motorG431BescEncV3/Src/stm32_mc_common_it.c:69:6:TIM4_IRQHandler	0	static
C:/Users/Sean/motorcontroller/motorcontroller_fresh/5010motorG431BescEncV3/Src/stm32_mc_common_it.c:108:6:USART2_IRQHandler	8	static,ignoring_inline_asm
C:/Users/Sean/motorcontroller/motorcontroller_fresh/5010motorG431BescEncV3/Src/stm32_mc_common_it.c:186:6:HardFault_Handler	8	static
C:/Users/Sean/motorcontroller/motorcontroller_fresh/5010motorG431BescEncV3/Src/stm32_mc_common_it.c:205:6:SysTick_Handler	8	static
C:/Users/Sean/motorcontroller/motorcontroller_fresh/5010motorG431BescEncV3/Src/stm32_mc_common_it.c:251:6:EXTI15_10_IRQHandler	0	static
