C:/Users/Sean/motorcontroller/motorcontroller_fresh/5010_7pole_allnewcanv3/Src/main.c:555:13:MX_FDCAN1_Init	2
C:/Users/Sean/motorcontroller/motorcontroller_fresh/5010_7pole_allnewcanv3/Src/main.c:223:6:HAL_FDCAN_RxFifo0Callback	2
C:/Users/Sean/motorcontroller/motorcontroller_fresh/5010_7pole_allnewcanv3/Src/main.c:242:6:SystemClock_Config	3
C:/Users/Sean/motorcontroller/motorcontroller_fresh/5010_7pole_allnewcanv3/Src/main.c:104:5:main	36
C:/Users/Sean/motorcontroller/motorcontroller_fresh/5010_7pole_allnewcanv3/Src/main.c:872:6:Error_Handler	1
