C:/Users/Sean/motorcontroller/motorcontroller_fresh/5010_7pole_allnewcanv3/Src/regular_conversion_manager.c:122:6:RCM_RegisterRegConv	8	static
C:/Users/Sean/motorcontroller/motorcontroller_fresh/5010_7pole_allnewcanv3/Src/regular_conversion_manager.c:198:6:RCM_ExecNextConv	0	static
C:/Users/Sean/motorcontroller/motorcontroller_fresh/5010_7pole_allnewcanv3/Src/regular_conversion_manager.c:235:6:RCM_ReadOngoingConv	8	static
C:/Users/Sean/motorcontroller/motorcontroller_fresh/5010_7pole_allnewcanv3/Src/regular_conversion_manager.c:278:10:RCM_ExecRegularConv	0	static
C:/Users/Sean/motorcontroller/motorcontroller_fresh/5010_7pole_allnewcanv3/Src/regular_conversion_manager.c:319:6:RCM_WaitForConv	0	static
