C:/Users/Sean/motorcontroller/motorcontroller_fresh/5010_7pole_allnewcanv3/Src/stm32g4xx_hal_msp.c:67:6:HAL_MspInit	16	static
C:/Users/Sean/motorcontroller/motorcontroller_fresh/5010_7pole_allnewcanv3/Src/stm32g4xx_hal_msp.c:98:6:HAL_ADC_MspInit	120	static
C:/Users/Sean/motorcontroller/motorcontroller_fresh/5010_7pole_allnewcanv3/Src/stm32g4xx_hal_msp.c:188:6:HAL_ADC_MspDeInit	8	static
C:/Users/Sean/motorcontroller/motorcontroller_fresh/5010_7pole_allnewcanv3/Src/stm32g4xx_hal_msp.c:262:6:HAL_COMP_MspInit	40	static
C:/Users/Sean/motorcontroller/motorcontroller_fresh/5010_7pole_allnewcanv3/Src/stm32g4xx_hal_msp.c:312:6:HAL_COMP_MspDeInit	0	static
C:/Users/Sean/motorcontroller/motorcontroller_fresh/5010_7pole_allnewcanv3/Src/stm32g4xx_hal_msp.c:353:6:HAL_CORDIC_MspInit	8	static
C:/Users/Sean/motorcontroller/motorcontroller_fresh/5010_7pole_allnewcanv3/Src/stm32g4xx_hal_msp.c:376:6:HAL_CORDIC_MspDeInit	0	static
C:/Users/Sean/motorcontroller/motorcontroller_fresh/5010_7pole_allnewcanv3/Src/stm32g4xx_hal_msp.c:398:6:HAL_DAC_MspInit	8	static
C:/Users/Sean/motorcontroller/motorcontroller_fresh/5010_7pole_allnewcanv3/Src/stm32g4xx_hal_msp.c:421:6:HAL_DAC_MspDeInit	0	static
C:/Users/Sean/motorcontroller/motorcontroller_fresh/5010_7pole_allnewcanv3/Src/stm32g4xx_hal_msp.c:443:6:HAL_FDCAN_MspInit	104	static
C:/Users/Sean/motorcontroller/motorcontroller_fresh/5010_7pole_allnewcanv3/Src/stm32g4xx_hal_msp.c:491:6:HAL_FDCAN_MspDeInit	0	static
C:/Users/Sean/motorcontroller/motorcontroller_fresh/5010_7pole_allnewcanv3/Src/stm32g4xx_hal_msp.c:520:6:HAL_OPAMP_MspInit	40	static
C:/Users/Sean/motorcontroller/motorcontroller_fresh/5010_7pole_allnewcanv3/Src/stm32g4xx_hal_msp.c:574:6:HAL_OPAMP_MspDeInit	0	static
C:/Users/Sean/motorcontroller/motorcontroller_fresh/5010_7pole_allnewcanv3/Src/stm32g4xx_hal_msp.c:619:6:HAL_TIM_PWM_MspInit	8	static
C:/Users/Sean/motorcontroller/motorcontroller_fresh/5010_7pole_allnewcanv3/Src/stm32g4xx_hal_msp.c:642:6:HAL_TIM_Encoder_MspInit	40	static
C:/Users/Sean/motorcontroller/motorcontroller_fresh/5010_7pole_allnewcanv3/Src/stm32g4xx_hal_msp.c:673:6:HAL_TIM_MspPostInit	64	static
C:/Users/Sean/motorcontroller/motorcontroller_fresh/5010_7pole_allnewcanv3/Src/stm32g4xx_hal_msp.c:733:6:HAL_TIM_PWM_MspDeInit	8	static
C:/Users/Sean/motorcontroller/motorcontroller_fresh/5010_7pole_allnewcanv3/Src/stm32g4xx_hal_msp.c:759:6:HAL_TIM_Encoder_MspDeInit	8	static
C:/Users/Sean/motorcontroller/motorcontroller_fresh/5010_7pole_allnewcanv3/Src/stm32g4xx_hal_msp.c:790:6:HAL_UART_MspInit	112	static
C:/Users/Sean/motorcontroller/motorcontroller_fresh/5010_7pole_allnewcanv3/Src/stm32g4xx_hal_msp.c:873:6:HAL_UART_MspDeInit	8	static
